
> zhishang-youshu@0.3.0 build
> tsc -b && vite build

vite v8.3.1 building client environment for production...
transforming...
✓ 1769 modules transformed.
rendering chunks...
computing gzip size...
dist/index.html                                                   0.62 kB │ gzip:   0.46 kB
dist/assets/noto-serif-sc-87-400-normal-Bvr1WGbA.woff2            5.46 kB
dist/assets/noto-serif-sc-latin-ext-400-normal-gIH_qXVp.woff2     5.72 kB
dist/assets/noto-serif-sc-91-400-normal-GiFB0QDv.woff2            5.88 kB
dist/assets/noto-serif-sc-90-400-normal-B4B7KpSz.woff2            5.95 kB
dist/assets/noto-serif-sc-vietnamese-400-normal-BDvw8C8Z.woff2    5.95 kB
dist/assets/noto-serif-sc-88-400-normal-w_viLXV3.woff2            6.15 kB
dist/assets/noto-serif-sc-87-400-normal-CKloka75.woff             6.65 kB
dist/assets/noto-serif-sc-99-400-normal-CcCfmhcb.woff2            6.92 kB
dist/assets/noto-serif-sc-89-400-normal-lCxVBzmS.woff2            6.99 kB
dist/assets/noto-serif-sc-latin-ext-400-normal-CijaIb19.woff      7.08 kB
dist/assets/noto-serif-sc-91-400-normal-Cwm2bOFb.woff             7.31 kB
dist/assets/noto-serif-sc-88-400-normal-r6dPzf1a.woff             7.40 kB
dist/assets/noto-serif-sc-vietnamese-400-normal-C4HoAX8X.woff     7.48 kB
dist/assets/noto-serif-sc-90-400-normal-DZ36dW0x.woff             7.50 kB
dist/assets/noto-serif-sc-cyrillic-400-normal-E6O3Ay2Z.woff2      8.04 kB
dist/assets/noto-serif-sc-99-400-normal-BMA_h1wW.woff             8.42 kB
dist/assets/noto-serif-sc-cyrillic-400-normal-B5LkWReT.woff       8.78 kB
dist/assets/noto-serif-sc-89-400-normal-BPMWURLc.woff             8.81 kB
dist/assets/noto-serif-sc-6-400-normal-DeDrdmIV.woff2             8.90 kB
dist/assets/noto-serif-sc-6-400-normal-XPf46RJm.woff             11.09 kB
dist/assets/noto-serif-sc-21-400-normal-JNqf8ldM.woff2           13.96 kB
dist/assets/noto-serif-sc-5-400-normal-CK3rtlrp.woff2            14.84 kB
dist/assets/noto-serif-sc-21-400-normal-Cfh6gCBv.woff            16.54 kB
dist/assets/noto-serif-sc-5-400-normal-CF6r5Usd.woff             17.18 kB
dist/assets/noto-serif-sc-latin-400-normal-bWtu-bD9.woff2        18.54 kB
dist/assets/noto-serif-sc-85-400-normal-D6KUxyVS.woff2           21.81 kB
dist/assets/noto-serif-sc-latin-400-normal-DtFOq9cQ.woff         22.47 kB
dist/assets/noto-serif-sc-84-400-normal-Cm-NqSUF.woff2           22.54 kB
dist/assets/noto-serif-sc-80-400-normal-2KipuDMA.woff2           23.40 kB
dist/assets/noto-serif-sc-86-400-normal-kyGCK9Xe.woff2           25.05 kB
dist/assets/noto-serif-sc-41-400-normal-2yGRlUJ3.woff2           26.57 kB
dist/assets/noto-serif-sc-85-400-normal-Bv7wVtLA.woff            26.68 kB
dist/assets/noto-serif-sc-64-400-normal-CD7LrdzK.woff2           27.05 kB
dist/assets/noto-serif-sc-77-400-normal-DXmeg5Qd.woff2           27.22 kB
dist/assets/noto-serif-sc-70-400-normal-DGgPTQo8.woff2           27.82 kB
dist/assets/noto-serif-sc-84-400-normal-CKytJC_6.woff            28.36 kB
dist/assets/noto-serif-sc-53-400-normal-DdrtXsQA.woff2           28.51 kB
dist/assets/noto-serif-sc-68-400-normal-S26xQ_RE.woff2           28.55 kB
dist/assets/noto-serif-sc-80-400-normal-UnYsLqsD.woff            28.96 kB
dist/assets/noto-serif-sc-73-400-normal-CzLG5u1x.woff2           29.20 kB
dist/assets/noto-serif-sc-51-400-normal-K2vB_amj.woff2           30.04 kB
dist/assets/noto-serif-sc-65-400-normal-Bk8SN5Oo.woff2           30.35 kB
dist/assets/noto-serif-sc-118-400-normal-Bfp6vhGl.woff2          30.64 kB
dist/assets/noto-serif-sc-75-400-normal-C3rovZtN.woff2           30.71 kB
dist/assets/noto-serif-sc-36-400-normal-DEHcJKlW.woff2           30.71 kB
dist/assets/noto-serif-sc-79-400-normal-CAkm9YG8.woff2           30.73 kB
dist/assets/noto-serif-sc-43-400-normal-Dz2xm4_C.woff2           30.83 kB
dist/assets/noto-serif-sc-83-400-normal-B4MQ4cnu.woff2           30.89 kB
dist/assets/noto-serif-sc-86-400-normal-C5ETPI3O.woff            31.00 kB
dist/assets/noto-serif-sc-60-400-normal-DR2IcHGH.woff2           31.86 kB
dist/assets/noto-serif-sc-81-400-normal-CtmR2MQs.woff2           31.92 kB
dist/assets/noto-serif-sc-61-400-normal-LGTmzE8I.woff2           32.14 kB
dist/assets/noto-serif-sc-55-400-normal-OR21fGsv.woff2           32.45 kB
dist/assets/noto-serif-sc-82-400-normal-BYIYywsb.woff2           32.60 kB
dist/assets/noto-serif-sc-42-400-normal-CB0Lgo3r.woff2           33.11 kB
dist/assets/noto-serif-sc-71-400-normal-D7w4Y-ST.woff2           33.12 kB
dist/assets/noto-serif-sc-41-400-normal-DvPlSyax.woff            33.23 kB
dist/assets/noto-serif-sc-35-400-normal-CzfTX1U2.woff2           33.38 kB
dist/assets/noto-serif-sc-48-400-normal-BL8ILOHO.woff2           33.70 kB
dist/assets/noto-serif-sc-63-400-normal-Cwyt48md.woff2           33.80 kB
dist/assets/noto-serif-sc-31-400-normal-BnWU33m3.woff2           33.85 kB
dist/assets/noto-serif-sc-50-400-normal-CL92OsA_.woff2           33.90 kB
dist/assets/noto-serif-sc-34-400-normal-D9Gw4Yxs.woff2           33.96 kB
dist/assets/noto-serif-sc-27-400-normal-Y6AvStvM.woff2           34.04 kB
dist/assets/noto-serif-sc-77-400-normal-BDOOIIZq.woff            34.12 kB
dist/assets/noto-serif-sc-40-400-normal-BILW2C8W.woff2           34.36 kB
dist/assets/noto-serif-sc-64-400-normal-CNC2ROq3.woff            34.36 kB
dist/assets/noto-serif-sc-72-400-normal-B61Z4Jd8.woff2           34.46 kB
dist/assets/noto-serif-sc-76-400-normal-DcB08CFh.woff2           34.61 kB
dist/assets/noto-serif-sc-33-400-normal-D957xGZn.woff2           34.76 kB
dist/assets/noto-serif-sc-117-400-normal-D2dRkkMi.woff2          35.08 kB
dist/assets/noto-serif-sc-70-400-normal-DxewSJu-.woff            35.24 kB
dist/assets/noto-serif-sc-116-400-normal-7vFEeE2h.woff2          35.44 kB
dist/assets/noto-serif-sc-73-400-normal-D6bVPQjC.woff            35.46 kB
dist/assets/noto-serif-sc-28-400-normal-CKZqodJm.woff2           35.52 kB
dist/assets/noto-serif-sc-32-400-normal-CO8YV2jx.woff2           35.63 kB
dist/assets/noto-serif-sc-37-400-normal-4EafqbAq.woff2           35.70 kB
dist/assets/noto-serif-sc-52-400-normal-wKOWPyMs.woff2           35.77 kB
dist/assets/noto-serif-sc-53-400-normal-C2iSoIjP.woff            36.26 kB
dist/assets/noto-serif-sc-59-400-normal-CeSjNpXe.woff2           36.41 kB
dist/assets/noto-serif-sc-66-400-normal-ZUojjDZW.woff2           36.50 kB
dist/assets/noto-serif-sc-54-400-normal-fnBxYYH4.woff2           36.65 kB
dist/assets/noto-serif-sc-51-400-normal-C4jmNGih.woff            37.00 kB
dist/assets/noto-serif-sc-56-400-normal-VKrJZN4n.woff2           37.05 kB
dist/assets/noto-serif-sc-49-400-normal-DzLACwr8.woff2           37.08 kB
dist/assets/noto-serif-sc-78-400-normal-Ciy80LJH.woff2           37.09 kB
dist/assets/noto-serif-sc-26-400-normal-BSzuGlng.woff2           37.51 kB
dist/assets/noto-serif-sc-68-400-normal-DoS_fRDb.woff            37.58 kB
dist/assets/noto-serif-sc-67-400-normal-C1Oz0pFt.woff2           37.65 kB
dist/assets/noto-serif-sc-39-400-normal-DBlVs41-.woff2           37.82 kB
dist/assets/noto-serif-sc-44-400-normal-KrwQkVb4.woff2           37.97 kB
dist/assets/noto-serif-sc-65-400-normal-FuQ_YTeR.woff            37.99 kB
dist/assets/noto-serif-sc-79-400-normal-DE5BN0VT.woff            38.07 kB
dist/assets/noto-serif-sc-29-400-normal-lQml1r-l.woff2           38.10 kB
dist/assets/noto-serif-sc-115-400-normal-CuUHU_AH.woff2          38.14 kB
dist/assets/noto-serif-sc-69-400-normal-DrCsa2Sr.woff2           38.46 kB
dist/assets/noto-serif-sc-47-400-normal-BImRhQuH.woff2           38.90 kB
dist/assets/noto-serif-sc-43-400-normal-DP4WLXWZ.woff            38.99 kB
dist/assets/noto-serif-sc-83-400-normal-DsgIWuPW.woff            39.02 kB
dist/assets/noto-serif-sc-57-400-normal-C6PkFoaO.woff2           39.07 kB
dist/assets/noto-serif-sc-23-400-normal-CAhTnGkw.woff2           39.09 kB
dist/assets/noto-serif-sc-81-400-normal-CtxTT4sp.woff            39.16 kB
dist/assets/noto-serif-sc-118-400-normal-DhE6QjRl.woff           39.17 kB
dist/assets/noto-serif-sc-114-400-normal-BByM65_k.woff2          39.36 kB
dist/assets/noto-serif-sc-74-400-normal-BwgdtHTO.woff2           39.46 kB
dist/assets/noto-serif-sc-36-400-normal-DzIB99-Z.woff            39.46 kB
dist/assets/noto-serif-sc-60-400-normal-DCxCvisb.woff            39.55 kB
dist/assets/noto-serif-sc-38-400-normal-LeDesBQa.woff2           39.68 kB
dist/assets/noto-serif-sc-113-400-normal-mBNpFg1t.woff2          39.82 kB
dist/assets/noto-serif-sc-112-400-normal-Bjzy25E6.woff2          39.94 kB
dist/assets/noto-serif-sc-61-400-normal-CpCTNXqd.woff            40.08 kB
dist/assets/noto-serif-sc-82-400-normal-D-Y3fdhA.woff            40.13 kB
dist/assets/noto-serif-sc-30-400-normal-O7SnWSLf.woff2           40.41 kB
dist/assets/noto-serif-sc-42-400-normal-B9pcEbt_.woff            40.61 kB
dist/assets/noto-serif-sc-46-400-normal-Cbp-mPea.woff2           40.77 kB
dist/assets/noto-serif-sc-25-400-normal-aJ-D48u6.woff2           41.08 kB
dist/assets/noto-serif-sc-101-400-normal-BHVnbrAJ.woff2          41.14 kB
dist/assets/noto-serif-sc-71-400-normal-7WUbw2Up.woff            41.36 kB
dist/assets/noto-serif-sc-55-400-normal-uM-BxExI.woff            41.55 kB
dist/assets/noto-serif-sc-35-400-normal-CaBXy4YI.woff            41.59 kB
dist/assets/noto-serif-sc-107-400-normal-DgdGrCd2.woff2          41.79 kB
dist/assets/noto-serif-sc-109-400-normal-D28QVX73.woff2          41.80 kB
dist/assets/noto-serif-sc-110-400-normal-DjH-orF3.woff2          41.87 kB
dist/assets/noto-serif-sc-62-400-normal-gHAN3JT1.woff2           41.94 kB
dist/assets/noto-serif-sc-27-400-normal-YG7jerKC.woff            42.14 kB
dist/assets/noto-serif-sc-102-400-normal-No9wpYJV.woff2          42.16 kB
dist/assets/noto-serif-sc-72-400-normal-DTcikgpd.woff            42.16 kB
dist/assets/noto-serif-sc-75-400-normal-Cag45BRP.woff            42.42 kB
dist/assets/noto-serif-sc-50-400-normal-B7IwtXyc.woff            42.50 kB
dist/assets/noto-serif-sc-34-400-normal-Bw6FYa8q.woff            42.55 kB
dist/assets/noto-serif-sc-104-400-normal-CpyjTWhh.woff2          42.60 kB
dist/assets/noto-serif-sc-63-400-normal-BQUh92zr.woff            42.69 kB
dist/assets/noto-serif-sc-111-400-normal-B4UjboLF.woff2          42.72 kB
dist/assets/noto-serif-sc-105-400-normal-BHHNimkF.woff2          42.78 kB
dist/assets/noto-serif-sc-32-400-normal-DAUiD5kd.woff            42.81 kB
dist/assets/noto-serif-sc-106-400-normal-Y8T38z4b.woff2          43.14 kB
dist/assets/noto-serif-sc-40-400-normal-CX_rcE-F.woff            43.22 kB
dist/assets/noto-serif-sc-58-400-normal-DVaM_vK5.woff2           43.31 kB
dist/assets/noto-serif-sc-48-400-normal-3hHS5RN8.woff            43.32 kB
dist/assets/noto-serif-sc-31-400-normal-CcCxQ-ZV.woff            43.42 kB
dist/assets/noto-serif-sc-33-400-normal-D_CzfcJD.woff            43.44 kB
dist/assets/noto-serif-sc-76-400-normal-CCrJqsLa.woff            43.69 kB
dist/assets/noto-serif-sc-24-400-normal-DWWywIBv.woff2           43.74 kB
dist/assets/noto-serif-sc-108-400-normal-DCLtaPv5.woff2          43.85 kB
dist/assets/noto-serif-sc-117-400-normal-DlO6S6v_.woff           44.32 kB
dist/assets/noto-serif-sc-116-400-normal-fM3VYmdT.woff           44.37 kB
dist/assets/noto-serif-sc-103-400-normal-b3eASUCI.woff2          44.43 kB
dist/assets/noto-serif-sc-28-400-normal-CP0gfG9m.woff            44.45 kB
dist/assets/noto-serif-sc-22-400-normal-BA2TjkoN.woff2           44.63 kB
dist/assets/noto-serif-sc-100-400-normal-B08sJxsw.woff2          44.74 kB
dist/assets/noto-serif-sc-52-400-normal-BmB6v4O1.woff            44.99 kB
dist/assets/noto-serif-sc-37-400-normal-CpHUExLk.woff            45.03 kB
dist/assets/noto-serif-sc-54-400-normal-3BUfOg82.woff            45.37 kB
dist/assets/noto-serif-sc-59-400-normal-DnmIRgdu.woff            45.39 kB
dist/assets/noto-serif-sc-78-400-normal-B830jf8H.woff            45.73 kB
dist/assets/noto-serif-sc-66-400-normal-CdLw0y3u.woff            46.00 kB
dist/assets/noto-serif-sc-26-400-normal-D9_XIXqz.woff            46.16 kB
dist/assets/noto-serif-sc-39-400-normal-BJLDioMS.woff            46.51 kB
dist/assets/noto-serif-sc-49-400-normal-_2zR6MpX.woff            47.19 kB
dist/assets/noto-serif-sc-56-400-normal-IgYSFXUZ.woff            47.30 kB
dist/assets/noto-serif-sc-44-400-normal-CCFe1DC7.woff            47.48 kB
dist/assets/noto-serif-sc-115-400-normal-DofJcBb8.woff           47.66 kB
dist/assets/noto-serif-sc-45-400-normal-BBf5fyo-.woff2           47.97 kB
dist/assets/noto-serif-sc-29-400-normal-71QTonIa.woff            48.11 kB
dist/assets/noto-serif-sc-67-400-normal-BL0gGUVx.woff            48.48 kB
dist/assets/noto-serif-sc-38-400-normal-D1fvK1Lz.woff            48.90 kB
dist/assets/noto-serif-sc-57-400-normal-28J4-NL8.woff            48.98 kB
dist/assets/noto-serif-sc-23-400-normal-Bhjx5-IU.woff            49.01 kB
dist/assets/noto-serif-sc-114-400-normal-DxxNeW2b.woff           49.11 kB
dist/assets/noto-serif-sc-69-400-normal-DW7MccH-.woff            49.56 kB
dist/assets/noto-serif-sc-47-400-normal-DqlubpD4.woff            49.76 kB
dist/assets/noto-serif-sc-113-400-normal-B5I_XZRF.woff           49.97 kB
dist/assets/noto-serif-sc-112-400-normal-D1rVYeeD.woff           50.00 kB
dist/assets/noto-serif-sc-74-400-normal-w_wOFZnV.woff            51.40 kB
dist/assets/noto-serif-sc-101-400-normal-ClagVk5k.woff           51.53 kB
dist/assets/noto-serif-sc-46-400-normal-hWEdnehb.woff            51.55 kB
dist/assets/noto-serif-sc-25-400-normal-aerp2ldR.woff            51.60 kB
dist/assets/noto-serif-sc-109-400-normal-DZfFYQd2.woff           52.10 kB
dist/assets/noto-serif-sc-62-400-normal-Bb3IZbiX.woff            52.28 kB
dist/assets/noto-serif-sc-107-400-normal-BK2p9CkQ.woff           52.30 kB
dist/assets/noto-serif-sc-102-400-normal-Ct9TTbuC.woff           52.31 kB
dist/assets/noto-serif-sc-110-400-normal-CkRzubdd.woff           52.33 kB
dist/assets/noto-serif-sc-30-400-normal-C-R-n1F4.woff            52.56 kB
dist/assets/noto-serif-sc-104-400-normal-msifyNEb.woff           52.91 kB
dist/assets/noto-serif-sc-105-400-normal-Dx61mCbh.woff           53.52 kB
dist/assets/noto-serif-sc-111-400-normal-Cp1h5ucT.woff           53.55 kB
dist/assets/noto-serif-sc-119-400-normal-DAVjKato.woff2          53.68 kB
dist/assets/noto-serif-sc-106-400-normal-rrNvA2Dr.woff           53.98 kB
dist/assets/noto-serif-sc-58-400-normal-DVkyRiXI.woff            54.00 kB
dist/assets/noto-serif-sc-108-400-normal-C5TEOnuU.woff           54.50 kB
dist/assets/noto-serif-sc-22-400-normal-Gc-YLahM.woff            54.95 kB
dist/assets/noto-serif-sc-24-400-normal-DcjzhRQn.woff            55.08 kB
dist/assets/noto-serif-sc-103-400-normal-Dla-RUWs.woff           55.27 kB
dist/assets/noto-serif-sc-100-400-normal-aBeyOr_K.woff           55.96 kB
dist/assets/noto-serif-sc-45-400-normal-DoRuN2zR.woff            59.98 kB
dist/assets/noto-serif-sc-119-400-normal-BSthECwz.woff           69.21 kB
dist/assets/worker-DPKI5FFG.js                                   72.92 kB
dist/assets/index-D3xbzdFB.css                                  190.19 kB │ gzip:  68.42 kB
dist/assets/index-DwQigk1-.js                                   423.79 kB │ gzip: 136.84 kB

✓ built in 2.19s
