
> zhishang-youshu@0.3.0 test:e2e
> playwright test --output=artifacts/e2e-v3-final-2


Running 80 tests using 1 worker

(node:74668) Warning: The 'NO_COLOR' env is ignored due to the 'FORCE_COLOR' env being set.
(Use `node --trace-warnings ...` to show where the warning was created)
  ok  1 [chrome] › tests\e2e\platform.spec.ts:3:1 › 本机多作品保存、指定恢复与计算Worker实际运行 (2.4s)
50刀8层首次Worker计算（含初始化） {"elapsedMs":383.80000001192093,"count":50,"valid":true,"regions":1,"area":25390}
  ok  2 [chrome] › tests\e2e\platform.spec.ts:24:1 › 真实浏览器Worker性能：50刀 × 8层且不借助网络接口 (2.0s)
  ok  3 [chrome] › tests\e2e\tour.spec.ts:38:1 › 真实六步漫游完成、刷新持久与原作品及记录隔离 (12.8s)
  ok  4 [chrome] › tests\e2e\tour.spec.ts:81:1 › 键盘Tab与ShiftTab可达真实目标、Esc退出，重看保留skipped偏好 (10.8s)
  ok  5 [chrome] › tests\e2e\tour.spec.ts:106:1 › 390px漫游的预测和绘制目标不被提示卡覆盖 (4.0s)
  ok  6 [chrome] › tests\e2e\v2-lifecycle.spec.ts:4:1 › 同课重做与恢复保留独立attemptId，手机选择课程后收起目录 (15.0s)
  ok  7 [chrome] › tests\e2e\v2.spec.ts:40:1 › V2 首访键盘跳过后刷新记住选择，重看引导退出保留旧作品与正式记录 (15.8s)
  ok  8 [chrome] › tests\e2e\v2.spec.ts:58:1 › V2 六课两新题预测前关闭展开、历史、打印及SVG全部正常旁路 (43.2s)
  ok  9 [chrome] › tests\e2e\v2.spec.ts:83:1 › V2 迁移独立观察不指认修复刀号，主动提示后才显示并记录辅助 (13.7s)
  ok 10 [chrome] › tests\e2e\v2.spec.ts:95:1 › V2 第一课X77宽3未达标时定位真实毫米标记，恢复后目标同步 (17.1s)
  ok 11 [chrome] › tests\e2e\v2.spec.ts:115:1 › V2 两次非法修改保留失败草稿和历史，一次成功后清除并导出完整事件 (22.5s)
  ok 12 [chrome] › tests\e2e\v3-content.spec.ts:44:31 › V3 double-happiness：预测旁路锁定、原生备份、留剪标记与打印模板 (20.0s)
  ok 13 [chrome] › tests\e2e\v3-content.spec.ts:44:31 › V3 butterfly：预测旁路锁定、原生备份、留剪标记与打印模板 (20.7s)
  ok 14 [chrome] › tests\e2e\v3-content.spec.ts:44:31 › V3 border-pattern：预测旁路锁定、原生备份、留剪标记与打印模板 (22.6s)
  x  15 [chrome] › tests\e2e\v3-content.spec.ts:44:31 › V3 transfer-happiness：预测旁路锁定、原生备份、留剪标记与打印模板 (24.5s)
(node:10896) Warning: The 'NO_COLOR' env is ignored due to the 'FORCE_COLOR' env being set.
(Use `node --trace-warnings ...` to show where the warning was created)
  ok 16 [chrome] › tests\e2e\v3-content.spec.ts:44:31 › V3 transfer-border：预测旁路锁定、原生备份、留剪标记与打印模板 (11.8s)
  ok 17 [chrome] › tests\e2e\v3-content.spec.ts:88:65 › V3 transfer-happiness：迁移题提示前不泄露刀号，辅助修复后完整目标通过 (11.6s)
  ok 18 [chrome] › tests\e2e\v3-content.spec.ts:88:65 › V3 transfer-border：迁移题提示前不泄露刀号，辅助修复后完整目标通过 (10.2s)
  ok 19 [chrome] › tests\e2e\v3-media.spec.ts:18:1 › 灵感库五类十段均有标题作者来源，首屏不创建播放器或外部请求 (4.5s)
  ok 20 [chrome] › tests\e2e\v3-media.spec.ts:37:1 › 只有点击才挂载静音不自动播放的官方播放器，收起后卸载 (4.3s)
  ok 21 [chrome] › tests\e2e\v3-media.spec.ts:63:1 › 离线信号卸载播放器、显示本地三步提示，来源与练习仍可用 (4.0s)
  ok 22 [chrome] › tests\e2e\v3-media.spec.ts:83:1 › 每一类都有实际课程入口，手机灵感库无水平溢出 (9.0s)
  ok 23 [chrome] › tests\e2e\v3-onboarding.spec.ts:32:35 › V3 1100px 七任务真实完成、参数及修复弹窗避让、正式作品隔离 (21.5s)
  ok 24 [chrome] › tests\e2e\v3-onboarding.spec.ts:32:35 › V3 1280px 七任务真实完成、参数及修复弹窗避让、正式作品隔离 (28.0s)
  ok 25 [chrome] › tests\e2e\v3-onboarding.spec.ts:57:1 › V3 任务进度断点续导与跳过刷新，不把练习当作正式记录 (36.7s)
  ok 26 [chrome] › tests\e2e\v3-onboarding.spec.ts:67:37 › V3 1440px 预测文字可见并可点击 (10.3s)
  ok 27 [chrome] › tests\e2e\v3-onboarding.spec.ts:67:37 › V3 390px 预测文字可见并可点击 (7.5s)
  ok 28 [chrome] › tests\e2e\v3-onboarding.spec.ts:67:37 › V3 360px 预测文字可见并可点击 (8.1s)
  ok 29 [chrome] › tests\e2e\v3-onboarding.spec.ts:72:1 › V3 200% 等效 CSS 视口 720×450 的预测、参数滚动、Esc与减少动态 (9.7s)
  ok 30 [chrome] › tests\e2e\v3-resilience.spec.ts:4:1 › V3 no-gesture audio silence, preference restore, keyboard audio toggle (17.7s)
  ok 31 [chrome] › tests\e2e\v3-resilience.spec.ts:20:1 › blocked persistent storage permits editing, lesson switching and JSON backup (22.9s)
  ok 32 [chrome] › tests\e2e\v3-resilience.spec.ts:33:1 › print popup blocked offers a standalone file and keeps prediction gating (19.0s)
  ok 33 [chrome] › tests\e2e\v3-resilience.spec.ts:41:1 › repair timeout offers choices while undo stays responsive (32.8s)
  x  34 [chrome] › tests\e2e\v3-resilience.spec.ts:56:1 › external network blocked: prediction, repair and export remain entirely local (47.2s)
(node:35212) Warning: The 'NO_COLOR' env is ignored due to the 'FORCE_COLOR' env being set.
(Use `node --trace-warnings ...` to show where the warning was created)
  ok 35 [chrome] › tests\e2e\v3-resilience.spec.ts:70:1 › actual archived V1 project imports and restores its millimetre geometry (7.8s)
  ok 36 [chrome] › tests\e2e\workshop.spec.ts:21:1 › 新建、边界剪切、撤销重做、参数修改、重开与非法导入保护 (13.4s)
  ok 37 [chrome] › tests\e2e\workshop.spec.ts:58:1 › 预测、定位分离、比较修复、完成学习、项目导出重导入和打印 (13.6s)
  ok 38 [chrome] › tests\e2e\workshop.spec.ts:97:1 › 分步展开、基础反馈和窄屏不产生整页横向溢出 (5.3s)
  ok 39 [chrome] › tests\e2e\workshop.spec.ts:112:1 › 重做同课重新预测，新的匿名参与者与旧记录分开 (15.7s)
  ok 40 [chrome] › tests\e2e\workshop.spec.ts:136:1 › 计算线程失败不能沿用旧版通过结果记录成绩 (8.8s)
(node:70160) Warning: The 'NO_COLOR' env is ignored due to the 'FORCE_COLOR' env being set.
(Use `node --trace-warnings ...` to show where the warning was created)
  ok 41 [edge] › tests\e2e\platform.spec.ts:3:1 › 本机多作品保存、指定恢复与计算Worker实际运行 (2.8s)
50刀8层首次Worker计算（含初始化） {"elapsedMs":514.5999999642372,"count":50,"valid":true,"regions":1,"area":25390}
  ok 42 [edge] › tests\e2e\platform.spec.ts:24:1 › 真实浏览器Worker性能：50刀 × 8层且不借助网络接口 (2.7s)
