
> zhishang-youshu@0.4.0 test:e2e
> playwright test --output=artifacts/v4-final-e2e


Running 106 tests using 1 worker

(node:65084) Warning: The 'NO_COLOR' env is ignored due to the 'FORCE_COLOR' env being set.
(Use `node --trace-warnings ...` to show where the warning was created)
  ok   1 [chrome] › tests\e2e\platform.spec.ts:3:1 › 本机多作品保存、指定恢复与计算Worker实际运行 (2.0s)
50刀8层首次Worker计算（含初始化） {"elapsedMs":294.19999998807907,"count":50,"valid":true,"regions":1,"area":25390}
  ok   2 [chrome] › tests\e2e\platform.spec.ts:24:1 › 真实浏览器Worker性能：50刀 × 8层且不借助网络接口 (1.6s)
  ok   3 [chrome] › tests\e2e\tour.spec.ts:38:1 › 真实六步漫游完成、刷新持久与原作品及记录隔离 (11.4s)
  ok   4 [chrome] › tests\e2e\tour.spec.ts:81:1 › 键盘Tab与ShiftTab可达真实目标、Esc退出，重看保留skipped偏好 (8.0s)
  ok   5 [chrome] › tests\e2e\tour.spec.ts:106:1 › 390px漫游的预测和绘制目标不被提示卡覆盖 (3.1s)
  ok   6 [chrome] › tests\e2e\v2-lifecycle.spec.ts:4:1 › 同课重做与恢复保留独立attemptId，手机选择课程后收起目录 (15.1s)
  ok   7 [chrome] › tests\e2e\v2.spec.ts:40:1 › V2 首访键盘跳过后刷新记住选择，重看引导退出保留旧作品与正式记录 (11.0s)
  ok   8 [chrome] › tests\e2e\v2.spec.ts:58:1 › V2 六课两新题预测前关闭展开、历史、打印及SVG全部正常旁路 (37.3s)
  ok   9 [chrome] › tests\e2e\v2.spec.ts:83:1 › V2 迁移独立观察不指认修复刀号，主动提示后才显示并记录辅助 (6.9s)
  ok  10 [chrome] › tests\e2e\v2.spec.ts:95:1 › V2 第一课X77宽3未达标时定位真实毫米标记，恢复后目标同步 (9.8s)
  ok  11 [chrome] › tests\e2e\v2.spec.ts:115:1 › V2 两次非法修改保留失败草稿和历史，一次成功后清除并导出完整事件 (13.2s)
  ok  12 [chrome] › tests\e2e\v3-content.spec.ts:44:31 › V3 double-happiness：预测旁路锁定、原生备份、留剪标记与打印模板 (9.1s)
  ok  13 [chrome] › tests\e2e\v3-content.spec.ts:44:31 › V3 butterfly：预测旁路锁定、原生备份、留剪标记与打印模板 (9.0s)
  ok  14 [chrome] › tests\e2e\v3-content.spec.ts:44:31 › V3 border-pattern：预测旁路锁定、原生备份、留剪标记与打印模板 (9.1s)
  ok  15 [chrome] › tests\e2e\v3-content.spec.ts:44:31 › V3 transfer-happiness：预测旁路锁定、原生备份、留剪标记与打印模板 (9.0s)
  ok  16 [chrome] › tests\e2e\v3-content.spec.ts:44:31 › V3 transfer-border：预测旁路锁定、原生备份、留剪标记与打印模板 (9.3s)
  ok  17 [chrome] › tests\e2e\v3-content.spec.ts:88:65 › V3 transfer-happiness：迁移题提示前不泄露刀号，辅助修复后完整目标通过 (9.0s)
  ok  18 [chrome] › tests\e2e\v3-content.spec.ts:88:65 › V3 transfer-border：迁移题提示前不泄露刀号，辅助修复后完整目标通过 (9.5s)
  ok  19 [chrome] › tests\e2e\v3-media.spec.ts:18:1 › 灵感库五类十段均有标题作者来源，首屏不创建播放器或外部请求 (3.6s)
  ok  20 [chrome] › tests\e2e\v3-media.spec.ts:37:1 › 只有点击才挂载静音不自动播放的官方播放器，收起后卸载 (3.0s)
  ok  21 [chrome] › tests\e2e\v3-media.spec.ts:63:1 › 离线信号卸载播放器、显示本地三步提示，来源与练习仍可用 (3.3s)
  ok  22 [chrome] › tests\e2e\v3-media.spec.ts:83:1 › 每一类都有实际课程入口，手机灵感库无水平溢出 (6.6s)
  ok  23 [chrome] › tests\e2e\v3-onboarding.spec.ts:32:35 › V3 1100px 七任务真实完成、参数及修复弹窗避让、正式作品隔离 (14.0s)
  ok  24 [chrome] › tests\e2e\v3-onboarding.spec.ts:32:35 › V3 1280px 七任务真实完成、参数及修复弹窗避让、正式作品隔离 (14.1s)
  ok  25 [chrome] › tests\e2e\v3-onboarding.spec.ts:57:1 › V3 任务进度断点续导与跳过刷新，不把练习当作正式记录 (8.5s)
  ok  26 [chrome] › tests\e2e\v3-onboarding.spec.ts:67:37 › V3 1440px 预测文字可见并可点击 (4.0s)
  ok  27 [chrome] › tests\e2e\v3-onboarding.spec.ts:67:37 › V3 390px 预测文字可见并可点击 (3.6s)
  ok  28 [chrome] › tests\e2e\v3-onboarding.spec.ts:67:37 › V3 360px 预测文字可见并可点击 (3.6s)
  ok  29 [chrome] › tests\e2e\v3-onboarding.spec.ts:72:1 › V3 200% 等效 CSS 视口 720×450 的预测、参数滚动、Esc与减少动态 (4.5s)
  ok  30 [chrome] › tests\e2e\v3-resilience.spec.ts:4:1 › V3 no-gesture audio silence, preference restore, keyboard audio toggle (5.0s)
  ok  31 [chrome] › tests\e2e\v3-resilience.spec.ts:21:1 › blocked persistent storage permits editing, lesson switching and JSON backup (11.7s)
  ok  32 [chrome] › tests\e2e\v3-resilience.spec.ts:34:1 › print popup blocked offers a standalone file and keeps prediction gating (2.6s)
  ok  33 [chrome] › tests\e2e\v3-resilience.spec.ts:42:1 › repair timeout offers choices while undo stays responsive (9.3s)
  ok  34 [chrome] › tests\e2e\v3-resilience.spec.ts:57:1 › external network blocked: prediction, repair and export remain entirely local (7.6s)
  ok  35 [chrome] › tests\e2e\v3-resilience.spec.ts:71:1 › actual archived V1 project imports and restores its millimetre geometry (6.6s)
  ok  36 [chrome] › tests\e2e\v4-audio.spec.ts:55:1 › V4 冷启动音乐保持关闭，v1迁移与双音量偏好刷新可恢复 (6.6s)
  ok  37 [chrome] › tests\e2e\v4-audio.spec.ts:72:1 › V4 四首本地曲真实解码播放、输出非静音，断外网且切曲无叠播 (12.9s)
  ok  38 [chrome] › tests\e2e\v4-audio.spec.ts:92:1 › V4 暂停与切页隐藏不会自动恢复，明确播放后恢复同一首 (3.1s)
  ok  39 [chrome] › tests\e2e\v4-audio.spec.ts:103:1 › V4 四首文件失败时有界跳过并进入生成乐句，保持可关闭 (8.8s)
  ok  40 [chrome] › tests\e2e\v4-share.spec.ts:17:4 › V4 2层本地分享PNG：预测门槛、离线导出与真实像素尺寸 (6.6s)
  ok  41 [chrome] › tests\e2e\v4-share.spec.ts:17:4 › V4 4层本地分享PNG：预测门槛、离线导出与真实像素尺寸 (6.6s)
  ok  42 [chrome] › tests\e2e\v4-share.spec.ts:17:4 › V4 8层本地分享PNG：预测门槛、离线导出与真实像素尺寸 (6.7s)
  ok  43 [chrome] › tests\e2e\v4-share.spec.ts:54:1 › V4 我的作品汇总复制记录去重，按作品导出与既有记录格式一致 (4.0s)
  ok  44 [chrome] › tests\e2e\v4-theme-layout.spec.ts:3:1 › five real themes persist and keep printed millimetres and SVG independent (11.5s)
  ok  45 [chrome] › tests\e2e\v4-theme-layout.spec.ts:21:1 › reduced motion and missing View Transitions switch directly; system theme follows device (2.3s)
  ok  46 [chrome] › tests\e2e\v4-theme-layout.spec.ts:29:1 › navigation distinguishes current page from open overlay and returns focus with Escape (4.0s)
  ok  47 [chrome] › tests\e2e\v4-theme-layout.spec.ts:35:1 › first task collapses the rail without hiding its progress (2.6s)
  ok  48 [chrome] › tests\e2e\v4-theme-layout.spec.ts:39:1 › all five categories fall back to real local videos after three seconds (19.5s)
  ok  49 [chrome] › tests\e2e\workshop.spec.ts:21:1 › 新建、边界剪切、撤销重做、参数修改、重开与非法导入保护 (12.9s)
  ok  50 [chrome] › tests\e2e\workshop.spec.ts:58:1 › 预测、定位分离、比较修复、完成学习、项目导出重导入和打印 (10.8s)
  ok  51 [chrome] › tests\e2e\workshop.spec.ts:97:1 › 分步展开、基础反馈和窄屏不产生整页横向溢出 (5.0s)
  ok  52 [chrome] › tests\e2e\workshop.spec.ts:112:1 › 重做同课重新预测，新的匿名参与者与旧记录分开 (14.2s)
  ok  53 [chrome] › tests\e2e\workshop.spec.ts:136:1 › 计算线程失败不能沿用旧版通过结果记录成绩 (6.3s)
(node:25528) Warning: The 'NO_COLOR' env is ignored due to the 'FORCE_COLOR' env being set.
(Use `node --trace-warnings ...` to show where the warning was created)
  ok  54 [edge] › tests\e2e\platform.spec.ts:3:1 › 本机多作品保存、指定恢复与计算Worker实际运行 (2.8s)
50刀8层首次Worker计算（含初始化） {"elapsedMs":347.2999999523163,"count":50,"valid":true,"regions":1,"area":25390}
  ok  55 [edge] › tests\e2e\platform.spec.ts:24:1 › 真实浏览器Worker性能：50刀 × 8层且不借助网络接口 (2.1s)
  ok  56 [edge] › tests\e2e\tour.spec.ts:38:1 › 真实六步漫游完成、刷新持久与原作品及记录隔离 (11.8s)
  ok  57 [edge] › tests\e2e\tour.spec.ts:81:1 › 键盘Tab与ShiftTab可达真实目标、Esc退出，重看保留skipped偏好 (7.2s)
  ok  58 [edge] › tests\e2e\tour.spec.ts:106:1 › 390px漫游的预测和绘制目标不被提示卡覆盖 (3.3s)
  ok  59 [edge] › tests\e2e\v2-lifecycle.spec.ts:4:1 › 同课重做与恢复保留独立attemptId，手机选择课程后收起目录 (14.6s)
  ok  60 [edge] › tests\e2e\v2.spec.ts:40:1 › V2 首访键盘跳过后刷新记住选择，重看引导退出保留旧作品与正式记录 (9.0s)
  ok  61 [edge] › tests\e2e\v2.spec.ts:58:1 › V2 六课两新题预测前关闭展开、历史、打印及SVG全部正常旁路 (35.6s)
  ok  62 [edge] › tests\e2e\v2.spec.ts:83:1 › V2 迁移独立观察不指认修复刀号，主动提示后才显示并记录辅助 (7.8s)
  ok  63 [edge] › tests\e2e\v2.spec.ts:95:1 › V2 第一课X77宽3未达标时定位真实毫米标记，恢复后目标同步 (9.9s)
  ok  64 [edge] › tests\e2e\v2.spec.ts:115:1 › V2 两次非法修改保留失败草稿和历史，一次成功后清除并导出完整事件 (13.3s)
  ok  65 [edge] › tests\e2e\v3-content.spec.ts:44:31 › V3 double-happiness：预测旁路锁定、原生备份、留剪标记与打印模板 (9.0s)
  ok  66 [edge] › tests\e2e\v3-content.spec.ts:44:31 › V3 butterfly：预测旁路锁定、原生备份、留剪标记与打印模板 (8.7s)
  ok  67 [edge] › tests\e2e\v3-content.spec.ts:44:31 › V3 border-pattern：预测旁路锁定、原生备份、留剪标记与打印模板 (8.4s)
  ok  68 [edge] › tests\e2e\v3-content.spec.ts:44:31 › V3 transfer-happiness：预测旁路锁定、原生备份、留剪标记与打印模板 (8.5s)
  ok  69 [edge] › tests\e2e\v3-content.spec.ts:44:31 › V3 transfer-border：预测旁路锁定、原生备份、留剪标记与打印模板 (8.5s)
  ok  70 [edge] › tests\e2e\v3-content.spec.ts:88:65 › V3 transfer-happiness：迁移题提示前不泄露刀号，辅助修复后完整目标通过 (9.1s)
  ok  71 [edge] › tests\e2e\v3-content.spec.ts:88:65 › V3 transfer-border：迁移题提示前不泄露刀号，辅助修复后完整目标通过 (9.2s)
  ok  72 [edge] › tests\e2e\v3-media.spec.ts:18:1 › 灵感库五类十段均有标题作者来源，首屏不创建播放器或外部请求 (4.3s)
  ok  73 [edge] › tests\e2e\v3-media.spec.ts:37:1 › 只有点击才挂载静音不自动播放的官方播放器，收起后卸载 (2.9s)
  ok  74 [edge] › tests\e2e\v3-media.spec.ts:63:1 › 离线信号卸载播放器、显示本地三步提示，来源与练习仍可用 (3.2s)
  ok  75 [edge] › tests\e2e\v3-media.spec.ts:83:1 › 每一类都有实际课程入口，手机灵感库无水平溢出 (6.9s)
  ok  76 [edge] › tests\e2e\v3-onboarding.spec.ts:32:35 › V3 1100px 七任务真实完成、参数及修复弹窗避让、正式作品隔离 (14.8s)
  ok  77 [edge] › tests\e2e\v3-onboarding.spec.ts:32:35 › V3 1280px 七任务真实完成、参数及修复弹窗避让、正式作品隔离 (22.2s)
  ok  78 [edge] › tests\e2e\v3-onboarding.spec.ts:57:1 › V3 任务进度断点续导与跳过刷新，不把练习当作正式记录 (11.1s)
  ok  79 [edge] › tests\e2e\v3-onboarding.spec.ts:67:37 › V3 1440px 预测文字可见并可点击 (4.3s)
  ok  80 [edge] › tests\e2e\v3-onboarding.spec.ts:67:37 › V3 390px 预测文字可见并可点击 (3.3s)
  ok  81 [edge] › tests\e2e\v3-onboarding.spec.ts:67:37 › V3 360px 预测文字可见并可点击 (3.2s)
  ok  82 [edge] › tests\e2e\v3-onboarding.spec.ts:72:1 › V3 200% 等效 CSS 视口 720×450 的预测、参数滚动、Esc与减少动态 (4.2s)
  ok  83 [edge] › tests\e2e\v3-resilience.spec.ts:4:1 › V3 no-gesture audio silence, preference restore, keyboard audio toggle (4.5s)
  ok  84 [edge] › tests\e2e\v3-resilience.spec.ts:21:1 › blocked persistent storage permits editing, lesson switching and JSON backup (11.4s)
  ok  85 [edge] › tests\e2e\v3-resilience.spec.ts:34:1 › print popup blocked offers a standalone file and keeps prediction gating (2.6s)
  ok  86 [edge] › tests\e2e\v3-resilience.spec.ts:42:1 › repair timeout offers choices while undo stays responsive (9.4s)
  ok  87 [edge] › tests\e2e\v3-resilience.spec.ts:57:1 › external network blocked: prediction, repair and export remain entirely local (6.1s)
  ok  88 [edge] › tests\e2e\v3-resilience.spec.ts:71:1 › actual archived V1 project imports and restores its millimetre geometry (6.1s)
  ok  89 [edge] › tests\e2e\v4-audio.spec.ts:55:1 › V4 冷启动音乐保持关闭，v1迁移与双音量偏好刷新可恢复 (6.3s)
  ok  90 [edge] › tests\e2e\v4-audio.spec.ts:72:1 › V4 四首本地曲真实解码播放、输出非静音，断外网且切曲无叠播 (11.2s)
  ok  91 [edge] › tests\e2e\v4-audio.spec.ts:92:1 › V4 暂停与切页隐藏不会自动恢复，明确播放后恢复同一首 (2.7s)
  ok  92 [edge] › tests\e2e\v4-audio.spec.ts:103:1 › V4 四首文件失败时有界跳过并进入生成乐句，保持可关闭 (8.4s)
  ok  93 [edge] › tests\e2e\v4-share.spec.ts:17:4 › V4 2层本地分享PNG：预测门槛、离线导出与真实像素尺寸 (6.9s)
  ok  94 [edge] › tests\e2e\v4-share.spec.ts:17:4 › V4 4层本地分享PNG：预测门槛、离线导出与真实像素尺寸 (7.2s)
  ok  95 [edge] › tests\e2e\v4-share.spec.ts:17:4 › V4 8层本地分享PNG：预测门槛、离线导出与真实像素尺寸 (7.2s)
  ok  96 [edge] › tests\e2e\v4-share.spec.ts:54:1 › V4 我的作品汇总复制记录去重，按作品导出与既有记录格式一致 (4.6s)
  ok  97 [edge] › tests\e2e\v4-theme-layout.spec.ts:3:1 › five real themes persist and keep printed millimetres and SVG independent (10.4s)
  ok  98 [edge] › tests\e2e\v4-theme-layout.spec.ts:21:1 › reduced motion and missing View Transitions switch directly; system theme follows device (2.1s)
  ok  99 [edge] › tests\e2e\v4-theme-layout.spec.ts:29:1 › navigation distinguishes current page from open overlay and returns focus with Escape (3.8s)
  ok 100 [edge] › tests\e2e\v4-theme-layout.spec.ts:35:1 › first task collapses the rail without hiding its progress (2.5s)
  ok 101 [edge] › tests\e2e\v4-theme-layout.spec.ts:39:1 › all five categories fall back to real local videos after three seconds (19.9s)
  ok 102 [edge] › tests\e2e\workshop.spec.ts:21:1 › 新建、边界剪切、撤销重做、参数修改、重开与非法导入保护 (13.9s)
  ok 103 [edge] › tests\e2e\workshop.spec.ts:58:1 › 预测、定位分离、比较修复、完成学习、项目导出重导入和打印 (11.8s)
  ok 104 [edge] › tests\e2e\workshop.spec.ts:97:1 › 分步展开、基础反馈和窄屏不产生整页横向溢出 (5.4s)
  ok 105 [edge] › tests\e2e\workshop.spec.ts:112:1 › 重做同课重新预测，新的匿名参与者与旧记录分开 (14.1s)
  ok 106 [edge] › tests\e2e\workshop.spec.ts:136:1 › 计算线程失败不能沿用旧版通过结果记录成绩 (5.9s)

  106 passed (15.3m)
